# Foto und Grafik
darktable               # Utility to organize and develop raw images
digikam                 # An advanced digital photo management application
flameshot               # Powerful yet simple to use screenshot software
gimp                    # GNU Image Manipulation Program
gimp-help-en            # English help files for Gimp
gimp-nufraw             # Converter for raw files; utility and GIMP plugin
gimp-plugin-gmic        # Gimp plugin for the G'MIC image processing framework
gnuplot                 # Plotting package which outputs to X11, PostScript, PNG, GIF, and others
graphviz                # Graph visualization software
inkscape                # Professional vector graphics editor
krita                   # Edit and paint images
obs-studio              # Free, open source software for live streaming and recording
openshot                # An award-winning free and open-source video editor
pdftk                   # Command-line tool for working with PDFs
rawtherapee             # A powerful cross-platform raw image processing program
scribus                 # Desktop publishing software
simple-scan             # Simple scanning utility
xsane                   # A GTK-based X11 frontend for SANE and plugin for Gimp.
snapshot                # Webcam software
cheese                  # Webcam software

# Audio und Video
audacity                # A program that lets you manipulate digital audio waveforms
ffmpeg                  # Complete solution to record, convert and stream audio and video
flowblade               # Multitrack non-linear video editor
kid3                    # An MP3, Ogg/Vorbis and FLAC tag editor, KDE version
lame                    # A high quality MPEG Audio Layer III (MP3) encoder
pamixer                 # Pulseaudio command-line mixer like amixer
rhythmbox               # Music playback and management application
vlc                     # Multi-platform MPEG, VCD/DVD, and DivX player

# eBooks
calibre                 # Ebook management application
fbreader                # An e-book reader for Linux
